// Jest Snapshot v1, https://goo.gl/fbAQLP

exports[`Generate DataSource should generate the template with the right options (simple path) 1`] = `
"import {registerProvider} from \\"@tsed/di\\";
import {DataSource} from \\"typeorm\\";
import {Logger} from \\"@tsed/logger\\";

export const TEST_DATASOURCE = Symbol.for(\\"TestDatasource\\");
export const TestDatasource = new DataSource({
  type: \\"mysql\\",
  entities: [],
  host: \\"localhost\\",
  port: 3306,
  username: \\"test\\",
  password: \\"test\\",
  database: \\"test\\"
});

registerProvider<DataSource>({
  provide: TEST_DATASOURCE,
  type: \\"typeorm:datasource\\",
  deps: [Logger],
  async useAsyncFactory(logger: Logger) {
    await TestDatasource.initialize();

    logger.info(\\"Connected with typeorm to database: Test\\");

    return TestDatasource;
  },
  hooks: {
    $onDestroy(dataSource) {
      return dataSource.isInitialized && dataSource.close();
    }
  }
});
"
`;

exports[`Generate DataSource should generate the template with the right options (simple path) 2`] = `
"services:
  test:
    image: mysql:8.0.28-oracle
    ports:
      - '3306:3306'
    environment:
      MYSQL_ROOT_PASSWORD: admin
      MYSQL_USER: test
      MYSQL_PASSWORD: test
      MYSQL_DATABASE: test
"
`;
