// Vitest Snapshot v1, https://vitest.dev/guide/snapshot.html

exports[`transformServerFile > should render server file with default convention > default-convention 1`] = `
"// @ts-nocheck
import "@tsed/ajv";
import "@tsed/platform-log-request";

import { Configuration } from "@tsed/di";
import { application } from "@tsed/platform-http";
import { join } from "node:path";

import { config } from "@/config/config.js";
import "@tsed/scalar";
import "@tsed/swagger";

@Configuration({
  ...config,
  acceptMimes: ["application/json"],
  httpPort: process.env.PORT || 8083,
  httpsPort: false, // CHANGE
  mount: {},
  views: {
    root: join(process.cwd(), "../views"),
    extensions: {
      ejs: "ejs"
    }
  },
  swagger: [
    {
      "path": "/doc",
      "specVersion": "3.1.0"
    }
  ],
  scalar: [
    {
      "path": "/scalar/doc",
      "specVersion": "3.1.0"
    }
  ]
})
export class Server {
  protected app = application();
}
"
`;
