// Vitest Snapshot v1, https://vitest.dev/guide/snapshot.html

exports[`transformIndexFile > should render server file with default convention > default-convention 1`] = `
"// @ts-nocheck
import { $log } from "@tsed/logger";
import { PlatformExpress } from "@tsed/platform-express";
import { Server } from "./Server.js";

const SIG_EVENTS = [
  "beforeExit",
  "SIGHUP",
  "SIGINT",
  "SIGQUIT",
  "SIGILL",
  "SIGTRAP",
  "SIGABRT",
  "SIGBUS",
  "SIGFPE",
  "SIGUSR1",
  "SIGSEGV",
  "SIGUSR2",
  "SIGTERM"
];

try {
  const platform = await PlatformExpress.bootstrap(Server);

  await platform.listen();

  SIG_EVENTS.forEach((evt) => process.on(evt, () => platform.stop()));

  ["uncaughtException", "unhandledRejection"].forEach((evt) =>
    process.on(evt, async (error) => {
      $log.error({ event: "SERVER_" + evt.toUpperCase(), message: error.message, stack: error.stack });
      await platform.stop();
    })
  );
} catch (error) {
  $log.error({ event: "SERVER_BOOTSTRAP_ERROR", message: error.message, stack: error.stack });
}
"
`;
