// Vitest Snapshot v1, https://vitest.dev/guide/snapshot.html

exports[`updateServer > should render server file with default convention > default-convention 1`] = `
"// @ts-nocheck
import "@tsed/ajv";
import "@tsed/platform-log-request";

import { Configuration } from "@tsed/di";
import { application } from "@tsed/platform-http";

import { config } from "@/config/config.js";
import "@tsed/mongoose";
import "@tsed/oidc";
import "@tsed/platform-express";
import "@tsed/scalar";
import "@tsed/swagger";
import "@tsed/typegraphql";
import "@tsed/typeorm";
import { InteractionsController } from "./controllers/oidc/InteractionsController.js";
import * as pages from "./controllers/pages/index.js";
import * as rest from "./controllers/rest/index.js";
import "./datasources/index.js";
import "./resolvers/index.js";

@Configuration({
  ...config,
  acceptMimes: ["application/json"],
  httpPort: process.env.PORT || 8083,
  httpsPort: false, // CHANGE
  mount: {
    "/rest": [...Object.values(rest)],
    "/": [...Object.values(pages), InteractionsController]
  },
  views: {
    root: join(process.cwd(), "../views"),
    extensions: {
      ejs: "ejs"
    }
  },
  swagger: [
    {
      "path": "/doc",
      "specVersion": "3.1.0"
    }
  ],
  scalar: [
    {
      "path": "/scalar/doc",
      "specVersion": "3.1.0"
    }
  ]
})
export class Server {
  protected app = application();
}
"
`;
