// Vitest Snapshot v1, https://vitest.dev/guide/snapshot.html

exports[`Generate Interceptor > should generate a template with the right options 1`] = `undefined`;
